2026-07-02 08:21:52 | INFO     | ============================================================
2026-07-02 08:21:52 | INFO     | STEP 03 - DOWNLOAD COMPANY PROFILE
2026-07-02 08:21:52 | INFO     | ============================================================
2026-07-02 08:21:52 | INFO     | Reading tickers from SQL Server...
2026-07-02 08:21:52 | INFO     | 503 tickers loaded.
2026-07-02 08:21:52 | INFO     | [1/503] A already exists. Skipped.
2026-07-02 08:21:52 | INFO     | [2/503] AAPL already exists. Skipped.
2026-07-02 08:21:52 | INFO     | [3/503] ABBV already exists. Skipped.
2026-07-02 08:21:52 | INFO     | [4/503] ABNB already exists. Skipped.
2026-07-02 08:21:52 | INFO     | [5/503] ABT already exists. Skipped.
2026-07-02 08:21:52 | INFO     | [6/503] ACGL already exists. Skipped.
2026-07-02 08:21:52 | INFO     | [7/503] ACN already exists. Skipped.
2026-07-02 08:21:52 | INFO     | [8/503] ADBE already exists. Skipped.
2026-07-02 08:21:52 | INFO     | [9/503] ADI already exists. Skipped.
2026-07-02 08:21:52 | INFO     | [10/503] ADM already exists. Skipped.
2026-07-02 08:21:52 | INFO     | [11/503] Downloading ADP
2026-07-02 08:21:54 | INFO     | [12/503] Downloading ADSK
2026-07-02 08:21:55 | INFO     | [13/503] Downloading AEE
2026-07-02 08:21:57 | INFO     | [14/503] Downloading AEP
2026-07-02 08:21:58 | INFO     | [15/503] Downloading AES
2026-07-02 08:22:00 | INFO     | Today's batch limit reached.
