2026-07-21 22:01:36 | INFO     | Connected SQL Server
2026-07-21 22:01:36 | INFO     | Server   : DESKTOP-I5Q65P1\SQLEXPRESS
2026-07-21 22:01:36 | INFO     | Database : StockAutomation
2026-07-21 22:01:36 | INFO     | Login    : DESKTOP-I5Q65P1\Khai Foong
2026-07-21 22:01:36 | INFO     | ============================================================
2026-07-21 22:01:36 | INFO     | Downloading Income Statement
2026-07-21 22:01:36 | INFO     | ============================================================
2026-07-21 22:01:36 | INFO     | [1/11] AAPL already exists. Skipped.
2026-07-21 22:01:36 | INFO     | [2/11] ADBE already exists. Skipped.
2026-07-21 22:01:36 | INFO     | [3/11] AMD already exists. Skipped.
2026-07-21 22:01:36 | INFO     | [4/11] INTC already exists. Skipped.
2026-07-21 22:01:36 | INFO     | [5/11] MSFT already exists. Skipped.
2026-07-21 22:01:36 | INFO     | [6/11] NVDA already exists. Skipped.
2026-07-21 22:01:36 | INFO     | [7/11] PLTR already exists. Skipped.
2026-07-21 22:01:36 | INFO     | [8/11] GOOGL already exists. Skipped.
2026-07-21 22:01:36 | INFO     | [9/11] META already exists. Skipped.
2026-07-21 22:01:36 | INFO     | [10/11] NFLX already exists. Skipped.
2026-07-21 22:01:36 | INFO     | [11/11] AMZN already exists. Skipped.
2026-07-21 22:01:36 | INFO     | ============================================================
2026-07-21 22:01:36 | INFO     | Finished
2026-07-21 22:01:36 | INFO     | ============================================================
